// Jest Snapshot v1, https://goo.gl/fbAQLP

exports[`LoadingSpinner should render correctly without any issues 1`] = `
<LoadingSpinner
  monocolor={false}
  size="medium"
>
  <svg
    className="spinner"
    height="48px"
    viewBox="0 0 66 66"
    width="48px"
    xmlns="http://www.w3.org/2000/svg"
  >
    <circle
      className="colors path"
      cx="33"
      cy="33"
      fill="none"
      r="30"
      strokeLinecap="round"
      strokeWidth="6"
    />
  </svg>
</LoadingSpinner>
`;
